[groso1] Enviando handshake a 192.168.10.12:50000 y configurando tun 10.20.0.2/30 (tun0)
[HANDSHAKE] Sending INIT
[HANDSHAKE] Finished
[KEYS] Enc: fdc14961bc21ac570a2b493682004f073d720ee0404993952b03ffa1a765230e
[KEYS] Mac: d6e6d38643a11479442fa4f4ff2238cdde8a686c877259a9d460c0eeca532f72
[KEYS] Nonce: 03375115edb0369bba4dc68d
[TUN TX] Envíando 1396 bytes (IPv4)
[TUN TX] Envíando 1396 bytes (IPv4)
[TUN TX] Envíando 1396 bytes (IPv4)
[TUN TX] Envíando 1396 bytes (IPv4)
[TUN TX] Envíando 1396 bytes (IPv4)
[TUN TX] Envíando 1396 bytes (IPv4)
[TUN TX] Envíando 1396 bytes (IPv4)
[TUN TX] Envíando 1396 bytes (IPv4)
[TUN TX] Envíando 1396 bytes (IPv4)
[TUN TX] Envíando 1396 bytes (IPv4)
[TUN TX] Envíando 1396 bytes (IPv4)
[TUN TX] Envíando 1276 bytes (IPv4)
[TUN TX] Envíando 1396 bytes (IPv4)
[TUN TX] Envíando 1396 bytes (IPv4)
[TUN TX] Envíando 1396 bytes (IPv4)
[TUN TX] Envíando 1396 bytes (IPv4)
[TUN TX] Envíando 1396 bytes (IPv4)
[TUN TX] Envíando 1396 bytes (IPv4)
[TUN TX] Envíando 1396 bytes (IPv4)
[TUN TX] Envíando 1396 bytes (IPv4)
[TUN TX] Envíando 1396 bytes (IPv4)
[TUN TX] Envíando 1396 bytes (IPv4)
[TUN TX] Envíando 1396 bytes (IPv4)
[TUN TX] Envíando 1276 bytes (IPv4)
[TUN TX] Envíando 1396 bytes (IPv4)
[TUN TX] Envíando 1396 bytes (IPv4)
[TUN TX] Envíando 1396 bytes (IPv4)
[TUN TX] Envíando 1396 bytes (IPv4)
[TUN TX] Envíando 1396 bytes (IPv4)
[TUN TX] Envíando 1396 bytes (IPv4)
[TUN TX] Envíando 1396 bytes (IPv4)
[TUN TX] Envíando 1396 bytes (IPv4)
[TUN TX] Envíando 1396 bytes (IPv4)
[TUN TX] Envíando 1396 bytes (IPv4)
[TUN TX] Envíando 1396 bytes (IPv4)
[TUN TX] Envíando 1276 bytes (IPv4)
[TUN TX] Envíando 1396 bytes (IPv4)
[TUN TX] Envíando 1396 bytes (IPv4)
[TUN TX] Envíando 1396 bytes (IPv4)
[TUN TX] Envíando 1396 bytes (IPv4)
[TUN TX] Envíando 1396 bytes (IPv4)
[TUN TX] Envíando 1396 bytes (IPv4)
[TUN TX] Envíando 1396 bytes (IPv4)
[TUN TX] Envíando 1396 bytes (IPv4)
[TUN TX] Envíando 1396 bytes (IPv4)
[TUN TX] Envíando 1396 bytes (IPv4)
[TUN TX] Envíando 1396 bytes (IPv4)
[TUN TX] Envíando 1276 bytes (IPv4)
[TUN TX] Envíando 1396 bytes (IPv4)
[TUN TX] Envíando 1396 bytes (IPv4)
[TUN TX] Envíando 1396 bytes (IPv4)
[TUN TX] Envíando 1396 bytes (IPv4)
[TUN TX] Envíando 1396 bytes (IPv4)
[TUN TX] Envíando 1396 bytes (IPv4)
[TUN TX] Envíando 1396 bytes (IPv4)
[TUN TX] Envíando 1396 bytes (IPv4)
[TUN TX] Envíando 1396 bytes (IPv4)
[TUN TX] Envíando 1396 bytes (IPv4)
[TUN TX] Envíando 1396 bytes (IPv4)
[TUN TX] Envíando 1276 bytes (IPv4)
[TUN TX] Envíando 1396 bytes (IPv4)
[TUN TX] Envíando 1396 bytes (IPv4)
[TUN TX] Envíando 1396 bytes (IPv4)
[TUN TX] Envíando 1396 bytes (IPv4)
[TUN TX] Envíando 1396 bytes (IPv4)
[TUN TX] Envíando 1396 bytes (IPv4)
[TUN TX] Envíando 1396 bytes (IPv4)
[TUN TX] Envíando 1396 bytes (IPv4)
[TUN TX] Envíando 1396 bytes (IPv4)
[TUN TX] Envíando 1396 bytes (IPv4)
[TUN TX] Envíando 1396 bytes (IPv4)
[TUN TX] Envíando 1276 bytes (IPv4)
[TUN TX] Envíando 1396 bytes (IPv4)
[TUN TX] Envíando 1396 bytes (IPv4)
[TUN TX] Envíando 1396 bytes (IPv4)
[TUN TX] Envíando 1396 bytes (IPv4)
[TUN TX] Envíando 1396 bytes (IPv4)
[TUN TX] Envíando 1396 bytes (IPv4)
[TUN TX] Envíando 1396 bytes (IPv4)
[TUN TX] Envíando 1396 bytes (IPv4)
[TUN TX] Envíando 1396 bytes (IPv4)
[TUN TX] Envíando 1396 bytes (IPv4)
[TUN TX] Envíando 1396 bytes (IPv4)
[TUN TX] Envíando 1276 bytes (IPv4)
[TUN TX] Envíando 1396 bytes (IPv4)
[TUN TX] Envíando 1396 bytes (IPv4)
[TUN TX] Envíando 1396 bytes (IPv4)
[TUN TX] Envíando 1396 bytes (IPv4)
[TUN TX] Envíando 1396 bytes (IPv4)
[TUN TX] Envíando 1396 bytes (IPv4)
[TUN TX] Envíando 1396 bytes (IPv4)
[TUN TX] Envíando 1396 bytes (IPv4)
[TUN TX] Envíando 1396 bytes (IPv4)
[TUN TX] Envíando 1396 bytes (IPv4)
[TUN TX] Envíando 1396 bytes (IPv4)
[TUN TX] Envíando 1276 bytes (IPv4)
[TUN TX] Envíando 1396 bytes (IPv4)
[TUN TX] Envíando 1396 bytes (IPv4)
[TUN TX] Envíando 1396 bytes (IPv4)
[TUN TX] Envíando 1396 bytes (IPv4)
[TUN TX] Envíando 1396 bytes (IPv4)
[TUN TX] Envíando 1396 bytes (IPv4)
[TUN TX] Envíando 1396 bytes (IPv4)
[TUN TX] Envíando 1396 bytes (IPv4)
[TUN TX] Envíando 1396 bytes (IPv4)
[TUN TX] Envíando 1396 bytes (IPv4)
[TUN TX] Envíando 1396 bytes (IPv4)
[TUN TX] Envíando 1276 bytes (IPv4)
[TUN TX] Envíando 1396 bytes (IPv4)
[TUN TX] Envíando 1396 bytes (IPv4)
[TUN TX] Envíando 1396 bytes (IPv4)
[TUN TX] Envíando 1396 bytes (IPv4)
[TUN TX] Envíando 1396 bytes (IPv4)
[TUN TX] Envíando 1396 bytes (IPv4)
[TUN TX] Envíando 1396 bytes (IPv4)
[TUN TX] Envíando 1396 bytes (IPv4)
[TUN TX] Envíando 1396 bytes (IPv4)
[TUN TX] Envíando 1396 bytes (IPv4)
[TUN TX] Envíando 1396 bytes (IPv4)
[TUN TX] Envíando 1276 bytes (IPv4)
[TUN TX] Envíando 1396 bytes (IPv4)
[TUN TX] Envíando 1396 bytes (IPv4)
[TUN TX] Envíando 1396 bytes (IPv4)
[TUN TX] Envíando 1396 bytes (IPv4)
[TUN TX] Envíando 1396 bytes (IPv4)
[TUN TX] Envíando 1396 bytes (IPv4)
[TUN TX] Envíando 1396 bytes (IPv4)
[TUN TX] Envíando 1396 bytes (IPv4)
[TUN TX] Envíando 1396 bytes (IPv4)
[TUN TX] Envíando 1396 bytes (IPv4)
[TUN TX] Envíando 1396 bytes (IPv4)
[TUN TX] Envíando 1276 bytes (IPv4)
[TUN TX] Envíando 1396 bytes (IPv4)
[TUN TX] Envíando 1396 bytes (IPv4)
[TUN TX] Envíando 1396 bytes (IPv4)
[TUN TX] Envíando 1396 bytes (IPv4)
[TUN TX] Envíando 1396 bytes (IPv4)
[TUN TX] Envíando 1396 bytes (IPv4)
[TUN TX] Envíando 1396 bytes (IPv4)
[TUN TX] Envíando 1396 bytes (IPv4)
[TUN TX] Envíando 1396 bytes (IPv4)
[TUN TX] Envíando 1396 bytes (IPv4)
[TUN TX] Envíando 1396 bytes (IPv4)
[TUN TX] Envíando 1276 bytes (IPv4)
[TUN TX] Envíando 1396 bytes (IPv4)
[TUN TX] Envíando 1396 bytes (IPv4)
[TUN TX] Envíando 1396 bytes (IPv4)
[TUN TX] Envíando 1396 bytes (IPv4)
[TUN TX] Envíando 537 bytes (IPv4)
